--------------------------------------------------
[0;9mThis header should be hidden[1J
[0;9;1mThis bold header should be hidden[1J[0m
--------------------------------------------------
      [1;3mECMA-48[3m Cursor Positioning Proof sheet[0m
--------------------------------------------------
[0m0: Top left[B1: CUD=[2B2: CUD=2[5B3: CUD=5
--------------------------------------------------
[0m0: Line feed

1: 2 x Line feed


2: 3 x Line feed
--------------------------------------------------
[0m0: Top left[E1: CNL=[2E2: CNL=2[5E3: CNL=5
--------------------------------------------------
[0m0: Top left[C1: CUF=[2C2: CUF=2[5C3: CUF=5
--------------------------------------------------
[0m0: Top left[B[C1: A[B[2C2: B[B[3C3: C
--------------------------------------------------
[0m0: Top left[I1:Tab
--------------------------------------------------
Text from this point?[0;9m[0K should be erased
Should be erased? [1K[0mText before this point
--------------------------------------------------
[LInsert line
[MDelete this line
--------------------------------------------------
[0mHorizontal and Vertical Position
[5;5fFive rows and five columns[fOne row and one column
--------------------------------------------------
[0;35m0: Top left[B1: CUD=[2B2: CUD=2[5B3: CUD=5[0m
--------------------------------------------------
[1m0: Top left[B1: CUD=[2B2: CUD=2[5B3: CUD=5[0m
--------------------------------------------------
[0;4;31;45m0: Top left[B1: CUD=[2B2: CUD=2[0m[5B3: CUD=5[0m
--------------------------------------------------
[0J[0;9mThis footer should be hidden[0m
--------------------------------------------------