[9Cฤฤฤฤฤฤฤฤฤฤฤฤฤฤฤฤฤฤฤฤฤฤฤฤฤฤฤฤฤฤฤฤฤฤฤฤฤฤฤฤฤฤฤฤฤฤฤฤฤฤฤฤฤฤฤฤฤฤฤฤฤฤฤฤฤ
[10C[1;3mECMA-48[3m Cursor Forward Ps Times (default = 1) (CUF) Proof sheet[0m
[9Cฤฤฤฤฤฤฤฤฤฤฤฤฤฤฤฤฤฤฤฤฤฤฤฤฤฤฤฤฤฤฤฤฤฤฤฤฤฤฤฤฤฤฤฤฤฤฤฤฤฤฤฤฤฤฤฤฤฤฤฤฤฤฤฤฤ

This page is line-wrapped to column 80
ษออออออออหอออออออออหอออออออออหอออออออออหอออออออออหอออออออออหอออออออออหอออออออออป
1       10        20        30        40        50        60        70        80
[9Cþ   > moved 9 characters forward (start at 1 + 9 CUF = goes to 10)
[10Cþ  > moved 10 CUF (start at 1 + 10 CUF = goes to 11)
þ[8Cþ   > moved 8 CUF (start at 2 + 8 CUF = goes to 10)
    [5Cþ   > 4 space characters + moved 5 CUF
[5C    þ   > moved 5 CUF + 4 space characters
[5C[4Cþ   > moved 5 CUF + 4 CUF
[101m[9Cþ  [0m > light red background colour & moved 9 CUF
[9C[101mþ  [0m > moved 9 CUF and then applied a light red background
[34m[9Cþ  [0m > blue foreground colour & moved 9 CUF
[9C[34mþ  [0m > moved 9 CUF and then applied blue
[43mþ[8Cþ  [0m > brown background colour applied before a character
þ[32m[8Cþ  [0m > green foreground colour applied after a character
[38;5;180mþ[8Cþ  [0m > xterm foreground colour applied before a character
þ[38;5;180m[8Cþ  [0m > xterm foreground colour applied after a character
[48;5;250;30mþ[8Cþ  [0m > xterm background colour applied before a character
þ[30;48;5;250m[8Cþ  [0m > xterm background colour applied after a character
[48;2;255;255;255m[9Cþ  [0m > RGB background colour applied before a character
[38;2;65;105;255m[9Cþ  [0m > RGB foreground colour applied before a character
ฬออออออออฮอออออออออฮอออออออออฮอออออออออฮอออออออออฮอออออออออฮอออออออออฮอออออออออน
moved 39 characters forward to reach EOL[39Cþ
moved 40 characters forward to reach EOL[40Cþ
moved 79 characters forward to reach EOL[79Cþ
moved 158 characters forward to reach EOL[158Cþ
ฬออออออออฮอออออออออฮอออออออออฮอออออออออฮอออออออออฮอออออออออฮอออออออออฮอออออออออน
[1I1 horizontal tab
[10I10 horizontal tabs
[20I20 horizontal tab to the EOL

[0mTODO fixes: 

- The line-wrap triggered at column 80 is toggling an extra new row.
- The newlines to go to here are not displaying.
- RGB are being applied to the wrong <i></i> element.
- Moving 158 characters forward fails.