[1mSet Modes for ANSI.SYS[0m
======================

Check the console for feedback

--------------------------
Testing the four different inducers
--------------------------
SM0 [0h
SM0 [?0h
SM0 [=0h
SM0 [>0h[0m
[18h
--------------------------
Testing the other modes
--------------------------
SM1 [1h
SM2 [2h
SM3 [3h
SM4 [4h
SM5 [5h
SM6 [6h
SM7 [7h

SM13 [13h
SM14 [14h
SM15 [15h
SM16 [16h
SM17 [17h
SM18 [18h